Iniciando Verificacao Manual E2E para Fase 2...
Conectando ao Redis...
Redis Status Inicial: wait
Chamando connect()...
[32minfo[39m: Redis connected successfully {"timestamp":"2026-01-13T22:58:48.409Z"}
Redis conectado!
Redis status final: ready
Redis conectado!
Limpando banco de dados...
Registrando Usuario...
[33mwarn[39m: Request failed {"duration":"6ms","ip":"::ffff:127.0.0.1","method":"POST","requestId":"90bf521f-7375-496a-8b7d-fede9c1281eb","status":429,"timestamp":"2026-01-13T22:58:52.051Z","url":"/users"}
Register Response: 429 {
  status: 'error',
  message: 'Muitas tentativas de login deste IP, por favor tente novamente apos 15 minutos'
}
node.exe : 
No C:\Program Files\nodejs\npx.ps1:29 caractere:3
+   & $NODE_EXE $NPX_CLI_JS $args
+   ~~~~~~~~~~~~~~~~~~~~~~~~~~~~~
    + CategoryInfo          : NotSpecified: (:String) [], RemoteException
    + FullyQualifiedErrorId : NativeCommandError
 
TESTE FALHOU: Error: Register failed: {"status":"error","message":"Muitas tentativas de login deste IP, por favor tente novamente apos 15 
minutos"}
    at runTest (C:\Users\otavi\OneDrive\├ürea de 
Trabalho\Faculdade\meu-projeto\projetos-typescript\backend-app\tests\manual-finance-check.ts:54:19)
    at processTicksAndRejections (node:internal/process/task_queues:105:5)
